ggml_cuda_init: found 1 CUDA devices (Total VRAM: 12015 MiB):
  Device 0: NVIDIA GeForce RTX 3060, compute capability 8.6, VMM: yes, VRAM: 12015 MiB
[I] backend: CUDA0 (NVIDIA GeForce RTX 3060)
[I] backend: CUDA0 (NVIDIA GeForce RTX 3060)
[I] e2e: ss_generator loaded (q8_0)
[I] e2e: condition inputs 518x518
[I] e2e: dino tokens done (n=1370 each)
[I] e2e: pointpatch tokens done (n=1024 each)
[I] e2e: ss condition tokens 7528
[I] e2e: reference noise unavailable, using seed 42
[I] backend: CUDA0 (NVIDIA GeForce RTX 3060)
[I] e2e: ss flow graph built (4412 nodes)
ggml_backend_cuda_graph_compute: CUDA graph warmup complete
[I] e2e: ss step 1/25 done
[I] e2e: ss step 2/25 done
[I] e2e: ss step 3/25 done
[I] e2e: ss step 4/25 done
[I] e2e: ss step 5/25 done
[I] e2e: ss step 6/25 done
[I] e2e: ss step 7/25 done
[I] e2e: ss step 8/25 done
[I] e2e: ss step 9/25 done
[I] e2e: ss step 10/25 done
[I] e2e: ss step 11/25 done
[I] e2e: ss step 12/25 done
[I] e2e: ss step 13/25 done
[I] e2e: ss step 14/25 done
[I] e2e: ss step 15/25 done
[I] e2e: ss step 16/25 done
[I] e2e: ss step 17/25 done
[I] e2e: ss step 18/25 done
[I] e2e: ss step 19/25 done
[I] e2e: ss step 20/25 done
[I] e2e: ss step 21/25 done
[I] e2e: ss step 22/25 done
[I] e2e: ss step 23/25 done
[I] e2e: ss step 24/25 done
[I] e2e: ss step 25/25 done
[I] backend: CUDA0 (NVIDIA GeForce RTX 3060)
[I] e2e: wrote official ScaleShiftInvariant pose to /tmp/sam3d-release-20260910.DriMmt/launcher_cuda/pose.json
[I] e2e: occupancy coords 27268 (of 262144)
[I] e2e: surface-pruned sparse coords 27268 -> 26748
[I] backend: CUDA0 (NVIDIA GeForce RTX 3060)
[I] e2e: slat_generator loaded (q8_0)
[I] e2e: slat dino tokens done (n=1374 each)
[I] backend: CUDA0 (NVIDIA GeForce RTX 3060)
[I] e2e: slat condition tokens 5496
[I] e2e: sparse tables nf=26748 nc=5352
[I] backend: CUDA0 (NVIDIA GeForce RTX 3060)
[I] e2e: slat flow graph built (2225 nodes)
ggml_backend_cuda_graph_compute: CUDA graph warmup complete
ggml_backend_cuda_graph_compute: CUDA graph warmup complete
[I] e2e: slat step 5/25
[I] e2e: slat step 10/25
[I] e2e: slat step 15/25
[I] e2e: slat step 20/25
[I] e2e: slat step 25/25
[I] backend: CUDA0 (NVIDIA GeForce RTX 3060)
[I] backend: CUDA0 (NVIDIA GeForce RTX 3060)
[I] e2e: wrote /tmp/sam3d-release-20260910.DriMmt/launcher_cuda/output.glb (100 rendered views, 26370 final triangles)
[I] e2e: wrote /tmp/sam3d-release-20260910.DriMmt/launcher_cuda/output.ply (855936 gaussians) in 208.1s for native generation stages
[I] image-to-3d: wrote /tmp/sam3d-release-20260910.DriMmt/launcher_cuda/output.ply and native PBR GLB and official pose JSON
Textured model: /tmp/sam3d-release-20260910.DriMmt/launcher_cuda/output.glb
Base-color texture: /tmp/sam3d-release-20260910.DriMmt/launcher_cuda/output.base_color.png
