onnx 1.16.2 requires protobuf, which is not installed.
kornia 0.8.3 requires kornia-rs, which is not installed.
sam3d-objects 0.0.1 requires async-timeout, which is not installed.
sam3d-objects 0.0.1 requires auto-gptq, which is not installed.
sam3d-objects 0.0.1 requires autoflake, which is not installed.
sam3d-objects 0.0.1 requires av, which is not installed.
sam3d-objects 0.0.1 requires bitsandbytes, which is not installed.
sam3d-objects 0.0.1 requires black, which is not installed.
sam3d-objects 0.0.1 requires bpy, which is not installed.
sam3d-objects 0.0.1 requires colorama, which is not installed.
sam3d-objects 0.0.1 requires conda-pack, which is not installed.
sam3d-objects 0.0.1 requires crcmod, which is not installed.
sam3d-objects 0.0.1 requires cuda-python, which is not installed.
sam3d-objects 0.0.1 requires dataclasses, which is not installed.
sam3d-objects 0.0.1 requires decord, which is not installed.
sam3d-objects 0.0.1 requires deprecation, which is not installed.
sam3d-objects 0.0.1 requires einops-exts, which is not installed.
sam3d-objects 0.0.1 requires exceptiongroup, which is not installed.
sam3d-objects 0.0.1 requires fastavro, which is not installed.
sam3d-objects 0.0.1 requires fasteners, which is not installed.
sam3d-objects 0.0.1 requires flake8, which is not installed.
sam3d-objects 0.0.1 requires ftfy, which is not installed.
sam3d-objects 0.0.1 requires h5py, which is not installed.
sam3d-objects 0.0.1 requires hdfs, which is not installed.
sam3d-objects 0.0.1 requires httplib2, which is not installed.
sam3d-objects 0.0.1 requires hydra-submitit-launcher, which is not installed.
sam3d-objects 0.0.1 requires imath, which is not installed.
sam3d-objects 0.0.1 requires jsonlines, which is not installed.
sam3d-objects 0.0.1 requires jsonpickle, which is not installed.
sam3d-objects 0.0.1 requires librosa, which is not installed.
sam3d-objects 0.0.1 requires mosaicml-streaming, which is not installed.
sam3d-objects 0.0.1 requires nvidia-cuda-nvcc-cu12, which is not installed.
sam3d-objects 0.0.1 requires nvidia-pyindex, which is not installed.
sam3d-objects 0.0.1 requires objsize, which is not installed.
sam3d-objects 0.0.1 requires optimum, which is not installed.
sam3d-objects 0.0.1 requires panda3d-gltf, which is not installed.
sam3d-objects 0.0.1 requires pdoc3, which is not installed.
sam3d-objects 0.0.1 requires peft, which is not installed.
sam3d-objects 0.0.1 requires pip-system-certs, which is not installed.
sam3d-objects 0.0.1 requires polyscope, which is not installed.
sam3d-objects 0.0.1 requires pycocotools, which is not installed.
sam3d-objects 0.0.1 requires pydot, which is not installed.
sam3d-objects 0.0.1 requires pymongo, which is not installed.
sam3d-objects 0.0.1 requires pyrender, which is not installed.
sam3d-objects 0.0.1 requires pysocks, which is not installed.
sam3d-objects 0.0.1 requires pytest, which is not installed.
sam3d-objects 0.0.1 requires python-pycg, which is not installed.
sam3d-objects 0.0.1 requires randomname, which is not installed.
sam3d-objects 0.0.1 requires rootutils, which is not installed.
sam3d-objects 0.0.1 requires rtree, which is not installed.
sam3d-objects 0.0.1 requires sagemaker, which is not installed.
sam3d-objects 0.0.1 requires scikit-image, which is not installed.
sam3d-objects 0.0.1 requires sentence-transformers, which is not installed.
sam3d-objects 0.0.1 requires simplejson, which is not installed.
sam3d-objects 0.0.1 requires smplx, which is not installed.
sam3d-objects 0.0.1 requires tensorboard, which is not installed.
sam3d-objects 0.0.1 requires tomli, which is not installed.
sam3d-objects 0.0.1 requires usort, which is not installed.
sam3d-objects 0.0.1 requires wandb, which is not installed.
sam3d-objects 0.0.1 requires webdataset, which is not installed.
opencv-python 5.0.0.93 has requirement numpy>=2; python_version >= "3.9", but you have numpy 1.26.4.
sam3d-objects 0.0.1 has requirement flask==3.0.3, but you have flask 3.1.3.
sam3d-objects 0.0.1 has requirement gdown==5.2.0, but you have gdown 6.1.0.
sam3d-objects 0.0.1 has requirement igraph==0.11.8, but you have igraph 1.0.0.
sam3d-objects 0.0.1 has requirement jsonpointer==2.4, but you have jsonpointer 3.1.1.
sam3d-objects 0.0.1 has requirement lightning==2.3.3, but you have lightning 2.6.5.
sam3d-objects 0.0.1 has requirement loguru==0.7.2, but you have loguru 0.7.3.
sam3d-objects 0.0.1 has requirement opencv-python==4.9.0.80, but you have opencv-python 5.0.0.93.
sam3d-objects 0.0.1 has requirement openexr==3.3.3, but you have openexr 3.4.15.
sam3d-objects 0.0.1 has requirement optree==0.14.1, but you have optree 0.20.0.
sam3d-objects 0.0.1 has requirement orjson==3.10.0, but you have orjson 3.12.0.
sam3d-objects 0.0.1 has requirement point-cloud-utils==0.29.5, but you have point-cloud-utils 0.34.0.
sam3d-objects 0.0.1 has requirement pymeshfix==0.17.0, but you have pymeshfix 0.18.1.
sam3d-objects 0.0.1 has requirement roma==1.5.1, but you have roma 1.6.1.
sam3d-objects 0.0.1 has requirement timm==0.9.16, but you have timm 1.0.29.
sam3d-objects 0.0.1 has requirement webcolors==1.13, but you have webcolors 25.10.0.
sam3d-objects 0.0.1 has requirement werkzeug==3.0.6, but you have werkzeug 3.1.8.
sam3d-objects 0.0.1 has requirement xatlas==0.0.9, but you have xatlas 0.0.11.
plyfile 1.1.5 has requirement numpy>=2.0, but you have numpy 1.26.4.
ipykernel 7.3.0 has requirement jupyter-client>=8.9.0, but you have jupyter-client 7.4.9.
